// Jest Snapshot v1, https://goo.gl/fbAQLP

exports[`should render EditExpensePage correctly 1`] = `
<div>
  <ExpenseForm
    expense={
      Object {
        "amount": 114,
        "createdAt": 345600000,
        "description": "Water",
        "id": "3",
        "note": "",
      }
    }
    onSubmit={[Function]}
  />
  <div>
    <button
      onClick={[Function]}
    >
      remove
    </button>
  </div>
</div>
`;
