// Jest Snapshot v1, https://goo.gl/fbAQLP

exports[`should render ExpensedashboardPage 1`] = `
<div>
  404. 
  <[object Object]
    to="/"
  >
    To Home.
  </[object Object]>
</div>
`;
